// Jest Snapshot v1, https://goo.gl/fbAQLP

exports[`GainOrder should sort correctly: encoindg size new 1`] = `53.25412437118968`;

exports[`GainOrder should sort correctly: optimized table 1`] = `
Array [
  Array [
    Array [
      2,
      3,
      1,
    ],
    Array [
      5,
    ],
  ],
  Array [
    Array [
      2,
    ],
    Array [
      2,
    ],
  ],
  Array [
    Array [
      1,
    ],
    Array [
      2,
    ],
  ],
]
`;
